[INFO] Scanning for projects...
[INFO] 
[INFO] -----------------------< com.cricket:tournament >-----------------------
[INFO] Building cricket-tournament 0.0.1-SNAPSHOT
[INFO]   from pom.xml
[INFO] --------------------------------[ jar ]---------------------------------
[INFO] 
[INFO] --- resources:3.3.1:resources (default-resources) @ tournament ---
[INFO] Copying 3 resources from src\main\resources to target\classes
[INFO] Copying 0 resource from src\main\resources to target\classes
[INFO] 
[INFO] --- compiler:3.11.0:compile (default-compile) @ tournament ---
[INFO] Changes detected - recompiling the module! :source
[INFO] Compiling 43 source files with javac [debug release 17] to target\classes
[INFO] -------------------------------------------------------------
[ERROR] COMPILATION ERROR : 
[INFO] -------------------------------------------------------------
[ERROR] /C:/Users/ragha/.gemini/antigravity/scratch/cricket-tournament/backend/src/main/java/com/cricket/tournament/repository/PlayerRepository.java:[10,1] class, interface, enum, or record expected
[ERROR] /C:/Users/ragha/.gemini/antigravity/scratch/cricket-tournament/backend/src/main/java/com/cricket/tournament/repository/PlayerRepository.java:[11,1] class, interface, enum, or record expected
[INFO] 2 errors 
[INFO] -------------------------------------------------------------
[INFO] ------------------------------------------------------------------------
[INFO] BUILD FAILURE
[INFO] ------------------------------------------------------------------------
[INFO] Total time:  4.823 s
[INFO] Finished at: 2026-04-04T23:42:24+05:30
[INFO] ------------------------------------------------------------------------
[ERROR] Failed to execute goal org.apache.maven.plugins:maven-compiler-plugin:3.11.0:compile (default-compile) on project tournament: Compilation failure: Compilation failure: 
[ERROR] /C:/Users/ragha/.gemini/antigravity/scratch/cricket-tournament/backend/src/main/java/com/cricket/tournament/repository/PlayerRepository.java:[10,1] class, interface, enum, or record expected
[ERROR] /C:/Users/ragha/.gemini/antigravity/scratch/cricket-tournament/backend/src/main/java/com/cricket/tournament/repository/PlayerRepository.java:[11,1] class, interface, enum, or record expected
[ERROR] -> [Help 1]
[ERROR] 
[ERROR] To see the full stack trace of the errors, re-run Maven with the -e switch.
[ERROR] Re-run Maven using the -X switch to enable full debug logging.
[ERROR] 
[ERROR] For more information about the errors and possible solutions, please read the following articles:
[ERROR] [Help 1] http://cwiki.apache.org/confluence/display/MAVEN/MojoFailureException
